
Discarded input sections

 .bss           0x0000000000000000        0x0 build/drawing.o
 .ARM.attributes
                0x0000000000000000       0x14 build/drawing.o
 .bss           0x0000000000000000        0x0 build/framebuffer.o
 .ARM.attributes
                0x0000000000000000       0x14 build/framebuffer.o
 .bss           0x0000000000000000        0x0 build/gpio.o
 .ARM.attributes
                0x0000000000000000       0x14 build/gpio.o
 .bss           0x0000000000000000        0x0 build/mailbox.o
 .ARM.attributes
                0x0000000000000000       0x14 build/mailbox.o
 .bss           0x0000000000000000        0x0 build/main.o
 .ARM.attributes
                0x0000000000000000       0x14 build/main.o
 .bss           0x0000000000000000        0x0 build/random.o
 .ARM.attributes
                0x0000000000000000       0x14 build/random.o
 .bss           0x0000000000000000        0x0 build/timer.o
 .ARM.attributes
                0x0000000000000000       0x14 build/timer.o

Memory Configuration

Name             Origin             Length             Attributes
*default*        0x0000000000000000 0xffffffffffffffff

Linker script and memory map

LOAD build/drawing.o
LOAD build/framebuffer.o
LOAD build/gpio.o
LOAD build/mailbox.o
LOAD build/main.o
LOAD build/random.o
LOAD build/timer.o

.init           0x0000000000008000        0x4
 *(.init)
 .init          0x0000000000008000        0x4 build/main.o
                0x0000000000008000                _start

.text           0x0000000000008004      0x388
 *(.text)
 .text          0x0000000000008004      0x160 build/drawing.o
                0x0000000000008004                SetForeColour
                0x0000000000008018                SetGraphicsAddress
                0x0000000000008024                DrawPixel
                0x000000000000806c                DrawLine
                0x00000000000080e8                DrawCharacter
 .text          0x0000000000008164       0x60 build/framebuffer.o
                0x0000000000008164                InitialiseFrameBuffer
 .text          0x00000000000081c4       0x80 build/gpio.o
                0x00000000000081c4                GetGpioAddress
                0x00000000000081cc                SetGpioFunction
                0x0000000000008204                SetGpio
 .text          0x0000000000008244       0x78 build/mailbox.o
                0x0000000000008244                GetMailboxBase
                0x000000000000824c                MailboxWrite
                0x0000000000008280                MailboxRead
 .text          0x00000000000082bc       0x7c build/main.o
 .text          0x0000000000008338       0x18 build/random.o
                0x0000000000008338                Random
 .text          0x0000000000008350       0x3c build/timer.o
                0x0000000000008350                GetSystemTimerBase
                0x0000000000008358                GetTimeStamp
                0x0000000000008368                Wait

.data           0x0000000000008390      0x840
 *(.data)
 .data          0x0000000000008390      0x810 build/drawing.o
 .data          0x0000000000008ba0       0x30 build/framebuffer.o
                0x0000000000008ba0                FrameBufferInfo
 .data          0x0000000000008bd0        0x0 build/gpio.o
 .data          0x0000000000008bd0        0x0 build/mailbox.o
 .data          0x0000000000008bd0        0x0 build/main.o
 .data          0x0000000000008bd0        0x0 build/random.o
 .data          0x0000000000008bd0        0x0 build/timer.o

/DISCARD/
 *(*)
OUTPUT(build/output.elf elf32-littlearm)
