Archive member included because of file (symbol)

./libcsud.a(device.keyboard.c.o)
                              build/keyboard.o (KeyboardGetAddress)
./libcsud.a(platform.c.o)     ./libcsud.a(device.keyboard.c.o) (MemoryAllocate)
./libcsud.a(usbd.c.o)         build/main.o (UsbInitialise)
./libcsud.a(device.hid.c.o)   ./libcsud.a(device.keyboard.c.o) (HidReadDevice)
./libcsud.a(device.hub.c.o)   ./libcsud.a(usbd.c.o) (HubPortReset)
./libcsud.a(hcd.designware20.c.o)
                              ./libcsud.a(usbd.c.o) (HcdSumbitControlMessage)
./libcsud.a(hcd.designware20.roothub.c.o)
                              ./libcsud.a(hcd.designware20.c.o) (HcdProcessRootHubMessage)
./libcsud.a(platform.armv6.c.o)
                              ./libcsud.a(hcd.designware20.c.o) (__aeabi_uidiv)
./libcsud.a(platform.broadcom2835.c.o)
                              ./libcsud.a(usbd.c.o) (MicroDelay)

Allocating common symbols
Common symbol       size              file

CorePhysical        0x4               ./libcsud.a(hcd.designware20.c.o)
DeviceNumbers       0x4               ./libcsud.a(usbd.c.o)
HostPhysical        0x4               ./libcsud.a(hcd.designware20.c.o)
keyboards           0x10              ./libcsud.a(device.keyboard.c.o)
PowerPhysical       0x4               ./libcsud.a(hcd.designware20.c.o)
Heap                0x4000            ./libcsud.a(platform.c.o)
Allocations         0xc00             ./libcsud.a(platform.c.o)

Discarded input sections

 .bss           0x0000000000000000        0x0 build/drawing.o
 .ARM.attributes
                0x0000000000000000       0x14 build/drawing.o
 .bss           0x0000000000000000        0x0 build/framebuffer.o
 .ARM.attributes
                0x0000000000000000       0x14 build/framebuffer.o
 .bss           0x0000000000000000        0x0 build/gpio.o
 .ARM.attributes
                0x0000000000000000       0x14 build/gpio.o
 .bss           0x0000000000000000        0x0 build/keyboard.o
 .ARM.attributes
                0x0000000000000000       0x14 build/keyboard.o
 .bss           0x0000000000000000        0x0 build/mailbox.o
 .ARM.attributes
                0x0000000000000000       0x14 build/mailbox.o
 .bss           0x0000000000000000        0x0 build/main.o
 .ARM.attributes
                0x0000000000000000       0x14 build/main.o
 .bss           0x0000000000000000        0x0 build/math.o
 .ARM.attributes
                0x0000000000000000       0x14 build/math.o
 .bss           0x0000000000000000        0x0 build/random.o
 .ARM.attributes
                0x0000000000000000       0x14 build/random.o
 .bss           0x0000000000000000        0x0 build/tag.o
 .ARM.attributes
                0x0000000000000000       0x14 build/tag.o
 .bss           0x0000000000000000        0x0 build/terminal.o
 .ARM.attributes
                0x0000000000000000       0x14 build/terminal.o
 .bss           0x0000000000000000        0x0 build/text.o
 .ARM.attributes
                0x0000000000000000       0x14 build/text.o
 .bss           0x0000000000000000        0x0 build/timer.o
 .ARM.attributes
                0x0000000000000000       0x14 build/timer.o

Memory Configuration

Name             Origin             Length             Attributes
*default*        0x0000000000000000 0xffffffffffffffff

Linker script and memory map

LOAD build/drawing.o
LOAD build/framebuffer.o
LOAD build/gpio.o
LOAD build/keyboard.o
LOAD build/mailbox.o
LOAD build/main.o
LOAD build/math.o
LOAD build/random.o
LOAD build/tag.o
LOAD build/terminal.o
LOAD build/text.o
LOAD build/timer.o
LOAD ./libcsud.a

.init           0x0000000000008000        0x4
 *(.init)
 .init          0x0000000000008000        0x4 build/main.o
                0x0000000000008000                _start

.data           0x0000000000008100    0x17c82
 *(.data)
 .data          0x0000000000008100      0x810 build/drawing.o
 .data          0x0000000000008910       0x30 build/framebuffer.o
                0x0000000000008910                FrameBufferInfo
 .data          0x0000000000008940        0x0 build/gpio.o
 .data          0x0000000000008940       0xe0 build/keyboard.o
 .data          0x0000000000008a20        0x0 build/mailbox.o
 .data          0x0000000000008a20      0x258 build/main.o
 .data          0x0000000000008c78        0x0 build/math.o
 .data          0x0000000000008c78        0x0 build/random.o
 .data          0x0000000000008c78       0x24 build/tag.o
 *fill*         0x0000000000008c9c       0x64 
 .data          0x0000000000008d00     0xb100 build/terminal.o
 .data          0x0000000000013e00        0x0 build/text.o
 .data          0x0000000000013e00        0x0 build/timer.o
 .data          0x0000000000013e00        0x0 ./libcsud.a(device.keyboard.c.o)
 .data          0x0000000000013e00        0x4 ./libcsud.a(platform.c.o)
                0x0000000000013e00                FirstAllocation
 .data          0x0000000000013e04        0x0 ./libcsud.a(usbd.c.o)
 .data          0x0000000000013e04        0x0 ./libcsud.a(device.hid.c.o)
 .data          0x0000000000013e04        0x0 ./libcsud.a(device.hub.c.o)
 .data          0x0000000000013e04        0x0 ./libcsud.a(hcd.designware20.c.o)
 .data          0x0000000000013e04       0x64 ./libcsud.a(hcd.designware20.roothub.c.o)
                0x0000000000013e04                DeviceDescriptor
                0x0000000000013e18                ConfigurationDescriptor
                0x0000000000013e34                String0
                0x0000000000013e38                String1
                0x0000000000013e5c                HubDescriptor
 .data          0x0000000000013e68        0x0 ./libcsud.a(platform.armv6.c.o)
 .data          0x0000000000013e68        0x0 ./libcsud.a(platform.broadcom2835.c.o)
 *.c.o(*)
 .text          0x0000000000013e68     0x1000 ./libcsud.a(device.keyboard.c.o)
                0x0000000000013e68                KeyboardDetached
                0x0000000000013ee4                KeyboardDeallocate
                0x0000000000013f5c                KeyboardIndex
                0x0000000000013fb4                KeyboardGetAddress
                0x0000000000013ffc                KeyboardScan
                0x00000000000146c8                KeyboardCount
                0x00000000000146d8                KeyboardSetLeds
                0x00000000000148f4                KeyboardGetLedSupport
                0x0000000000014940                KeyboardPoll
                0x0000000000014c84                KeyboardGetModifiers
                0x0000000000014cd0                KeyboardGetKeyDownCount
                0x0000000000014d34                KeyboadGetKeyIsDown
                0x0000000000014dec                KeyboardGetKeyDown
 .bss           0x0000000000014e68       0x14 ./libcsud.a(device.keyboard.c.o)
                0x0000000000014e68                keyboardAddresses
                0x0000000000014e78                keyboardCount
 .comment       0x0000000000014e7c       0x11 ./libcsud.a(device.keyboard.c.o)
                                         0x12 (size before relaxing)
 .ARM.attributes
                0x0000000000014e8d       0x32 ./libcsud.a(device.keyboard.c.o)
 *fill*         0x0000000000014ebf        0x1 
 COMMON         0x0000000000014ec0       0x10 ./libcsud.a(device.keyboard.c.o)
                0x0000000000014ec0                keyboards
 .text          0x0000000000014ed0      0x5c0 ./libcsud.a(platform.c.o)
                0x0000000000014ed0                MemoryReserve
                0x0000000000014ed8                MemoryAllocate
                0x0000000000015328                MemoryDeallocate
                0x0000000000015440                MemoryCopy
 .bss           0x0000000000015490        0x8 ./libcsud.a(platform.c.o)
                0x0000000000015490                FirstFreeAllocation
                0x0000000000015494                allocated
 .comment       0x0000000000000000       0x12 ./libcsud.a(platform.c.o)
 .ARM.attributes
                0x0000000000015498       0x32 ./libcsud.a(platform.c.o)
 *fill*         0x00000000000154ca        0x6 
 COMMON         0x00000000000154d0     0x4c00 ./libcsud.a(platform.c.o)
                0x00000000000154d0                Heap
                0x00000000000194d0                Allocations
 .text          0x000000000001a0d0     0x10e8 ./libcsud.a(usbd.c.o)
                0x000000000001a0d0                UsbGetRootHub
                0x000000000001a0e0                UsbPrintDeviceTree
                0x000000000001a1ac                UsbControlMessage
                0x000000000001a2a4                UsbGetDescriptor
                0x000000000001a390                UsbGetString
                0x000000000001a3fc                UsbReadStringLang
                0x000000000001a480                UsbReadString
                0x000000000001a580                UsbReadDeviceDescriptor
                0x000000000001a6c0                UsbSetAddress
                0x000000000001a7a0                UsbSetConfiguration
                0x000000000001a874                UsbConfigure
                0x000000000001aa44                UsbGetDescription
                0x000000000001acf4                UsbScanDevice
                0x000000000001af1c                UsbAllocateDevice
                0x000000000001afd8                UsbDeallocateDevice
                0x000000000001b0f0                UsbScanRootHub
                0x000000000001b140                UsbInitialise
                0x000000000001b19c                UsbCheckForChange
 .bss           0x000000000001b1b8        0x4 ./libcsud.a(usbd.c.o)
                0x000000000001b1b8                RootHub
 .rodata        0x000000000001b1bc      0x248 ./libcsud.a(usbd.c.o)
 .rodata.str1.4
                0x000000000001b404       0x10 ./libcsud.a(usbd.c.o)
 .comment       0x0000000000000000       0x12 ./libcsud.a(usbd.c.o)
 .ARM.attributes
                0x000000000001b414       0x32 ./libcsud.a(usbd.c.o)
 *fill*         0x000000000001b446        0x2 
 COMMON         0x000000000001b448        0x4 ./libcsud.a(usbd.c.o)
                0x000000000001b448                DeviceNumbers
 .text          0x000000000001b44c     0x1b24 ./libcsud.a(device.hid.c.o)
                0x000000000001b44c                HidEnumerateActionCountField
                0x000000000001b574                HidDetached
                0x000000000001b5b0                HidEnumerateActionAddField
                0x000000000001bdb8                HidDeallocate
                0x000000000001bf0c                HidEnumerateActionCountReport
                0x000000000001bfc4                HidGetReport
                0x000000000001c080                HidSetReport
                0x000000000001c130                BitSet
                0x000000000001c25c                BitGetUnsigned
                0x000000000001c364                BitGetSigned
                0x000000000001c390                HidReadDevice
                0x000000000001c58c                HidWriteDevice
                0x000000000001c738                HidSetProtocol
                0x000000000001c7e8                HidEnumerateReport
                0x000000000001c940                HidParseReportDescriptor
                0x000000000001cc70                HidScan
                0x000000000001cf60                HidGetFieldValue
 .bss           0x000000000001cf70        0x0 ./libcsud.a(device.hid.c.o)
 .comment       0x0000000000000000       0x12 ./libcsud.a(device.hid.c.o)
 .ARM.attributes
                0x000000000001cf70       0x32 ./libcsud.a(device.hid.c.o)
 *fill*         0x000000000001cfa2        0x2 
 .text          0x000000000001cfa4      0xd34 ./libcsud.a(device.hub.c.o)
                0x000000000001cfa4                HubDetached
                0x000000000001d044                HubDeallocate
                0x000000000001d120                HubReadDescriptor
                0x000000000001d218                HubGetStatus
                0x000000000001d2f0                HubPortGetStatus
                0x000000000001d3d0                HubChangeFeature
                0x000000000001d484                HubChangePortFeature
                0x000000000001d540                HubPowerOn
                0x000000000001d5e8                HubPortReset
                0x000000000001d6bc                HubPortConnectionChanged
                0x000000000001d8c4                HubCheckConnection
                0x000000000001d9f8                HubRecursiveCheck
                0x000000000001dac0                HubScan
 .bss           0x000000000001dcd8        0x0 ./libcsud.a(device.hub.c.o)
 .comment       0x0000000000000000       0x12 ./libcsud.a(device.hub.c.o)
 .ARM.attributes
                0x000000000001dcd8       0x32 ./libcsud.a(device.hub.c.o)
 *fill*         0x000000000001dd0a        0x2 
 .text          0x000000000001dd0c     0x160c ./libcsud.a(hcd.designware20.c.o)
                0x000000000001dd0c                WriteThroughRegMask
                0x000000000001dda0                WriteThroughReg
                0x000000000001dda8                ReadBackReg
                0x000000000001de4c                ClearReg
                0x000000000001deb4                SetReg
                0x000000000001df50                HcdReset
                0x000000000001e000                HcdTransmitFifoFlush
                0x000000000001e094                HcdReceiveFifoFlush
                0x000000000001e10c                HcdPrepareChannel
                0x000000000001e424                HcdTransmitChannel
                0x000000000001e4d0                HcdChannelInterruptToError
                0x000000000001e5ac                HcdChannelSendWaitOne
                0x000000000001e868                HcdChannelSendWait
                0x000000000001e980                HcdSumbitControlMessage
                0x000000000001ebc8                HcdInitialise
                0x000000000001ed5c                HcdStart
                0x000000000001f2b8                HcdStop
                0x000000000001f2dc                HcdDeinitialise
 .bss           0x000000000001f318       0x14 ./libcsud.a(hcd.designware20.c.o)
                0x000000000001f318                Core
                0x000000000001f31c                Host
                0x000000000001f320                Power
                0x000000000001f324                databuffer
                0x000000000001f328                PhyInitialised
 .comment       0x0000000000000000       0x12 ./libcsud.a(hcd.designware20.c.o)
 .ARM.attributes
                0x000000000001f32c       0x32 ./libcsud.a(hcd.designware20.c.o)
 *fill*         0x000000000001f35e        0x2 
 COMMON         0x000000000001f360        0xc ./libcsud.a(hcd.designware20.c.o)
                0x000000000001f360                CorePhysical
                0x000000000001f364                HostPhysical
                0x000000000001f368                PowerPhysical
 .text          0x000000000001f36c      0x6f0 ./libcsud.a(hcd.designware20.roothub.c.o)
                0x000000000001f36c                HcdProcessRootHubMessage
 .bss           0x000000000001fa5c        0x4 ./libcsud.a(hcd.designware20.roothub.c.o)
                0x000000000001fa5c                RootHubDeviceNumber
 .comment       0x0000000000000000       0x12 ./libcsud.a(hcd.designware20.roothub.c.o)
 .ARM.attributes
                0x000000000001fa60       0x32 ./libcsud.a(hcd.designware20.roothub.c.o)
 *fill*         0x000000000001fa92        0x2 
 .text          0x000000000001fa94      0x16c ./libcsud.a(platform.armv6.c.o)
                0x000000000001fa94                __aeabi_uidivmod
                0x000000000001fbc8                __aeabi_uidiv
 .bss           0x000000000001fc00        0x0 ./libcsud.a(platform.armv6.c.o)
 .comment       0x0000000000000000       0x12 ./libcsud.a(platform.armv6.c.o)
 .ARM.attributes
                0x000000000001fc00       0x32 ./libcsud.a(platform.armv6.c.o)
 *fill*         0x000000000001fc32        0x2 
 .text          0x000000000001fc34      0x11c ./libcsud.a(platform.broadcom2835.c.o)
                0x000000000001fc34                MicroDelay
                0x000000000001fca4                PowerOnUsb
 .bss           0x000000000001fd50        0x0 ./libcsud.a(platform.broadcom2835.c.o)
 .comment       0x0000000000000000       0x12 ./libcsud.a(platform.broadcom2835.c.o)
 .ARM.attributes
                0x000000000001fd50       0x32 ./libcsud.a(platform.broadcom2835.c.o)

.text           0x000000000001fd84      0xbd0
 *.c.o(.text)
 *(.text)
 .text          0x000000000001fd84      0x1d4 build/drawing.o
                0x000000000001fd84                SetForeColour
                0x000000000001fd98                SetGraphicsAddress
                0x000000000001fda4                DrawPixel
                0x000000000001fdec                DrawLine
                0x000000000001fe68                DrawCharacter
                0x000000000001fed8                DrawString
 .text          0x000000000001ff58       0x60 build/framebuffer.o
                0x000000000001ff58                InitialiseFrameBuffer
 .text          0x000000000001ffb8       0x80 build/gpio.o
                0x000000000001ffb8                GetGpioAddress
                0x000000000001ffc0                SetGpioFunction
                0x000000000001fff8                SetGpio
 .text          0x0000000000020038      0x144 build/keyboard.o
                0x0000000000020038                KeyboardUpdate
                0x00000000000200bc                KeyWasDown
                0x00000000000200ec                KeyboardGetChar
 .text          0x000000000002017c       0x78 build/mailbox.o
                0x000000000002017c                GetMailboxBase
                0x0000000000020184                MailboxWrite
                0x00000000000201b8                MailboxRead
 .text          0x00000000000201f4      0x1b0 build/main.o
 .text          0x00000000000203a4       0x48 build/math.o
                0x00000000000203a4                DivideU32
 .text          0x00000000000203ec       0x18 build/random.o
                0x00000000000203ec                Random
 .text          0x0000000000020404       0x70 build/tag.o
                0x0000000000020404                FindTag
 .text          0x0000000000020474      0x2c0 build/terminal.o
                0x00000000000204ac                TerminalDisplay
                0x0000000000020554                TerminalClear
                0x000000000002056c                Print
                0x0000000000020644                ReadLine
 .text          0x0000000000020734      0x1e4 build/text.o
                0x0000000000020734                ReverseString
                0x0000000000020760                UnsignedString
                0x00000000000207b0                SignedString
                0x00000000000207dc                FormatString
 .text          0x0000000000020918       0x3c build/timer.o
                0x0000000000020918                GetSystemTimerBase
                0x0000000000020920                GetTimeStamp
                0x0000000000020930                Wait

/DISCARD/
 *(*)
OUTPUT(build/output.elf elf32-littlearm)
